Traceback (most recent call last):
  File "/Users/sjt972/anaconda3/envs/poli-docs3/lib/python3.10/site-packages/jupyter_cache/executors/utils.py", line 58, in single_nb_execution
    executenb(
  File "/Users/sjt972/anaconda3/envs/poli-docs3/lib/python3.10/site-packages/nbclient/client.py", line 1319, in execute
    return NotebookClient(nb=nb, resources=resources, km=km, **kwargs).execute()
  File "/Users/sjt972/anaconda3/envs/poli-docs3/lib/python3.10/site-packages/jupyter_core/utils/__init__.py", line 165, in wrapped
    return loop.run_until_complete(inner)
  File "/Users/sjt972/anaconda3/envs/poli-docs3/lib/python3.10/asyncio/base_events.py", line 649, in run_until_complete
    return future.result()
  File "/Users/sjt972/anaconda3/envs/poli-docs3/lib/python3.10/site-packages/nbclient/client.py", line 709, in async_execute
    await self.async_execute_cell(
  File "/Users/sjt972/anaconda3/envs/poli-docs3/lib/python3.10/site-packages/nbclient/client.py", line 1062, in async_execute_cell
    await self._check_raise_for_error(cell, cell_index, exec_reply)
  File "/Users/sjt972/anaconda3/envs/poli-docs3/lib/python3.10/site-packages/nbclient/client.py", line 918, in _check_raise_for_error
    raise CellExecutionError.from_cell_and_msg(cell, exec_reply_content)
nbclient.exceptions.CellExecutionError: An error occurred while executing the following cell:
------------------
from pathlib import Path
from uuid import uuid4
import json

import numpy as np

from poli.core.problem_setup_information import ProblemSetupInformation
from poli.core.util.abstract_observer import AbstractObserver

THIS_DIR = Path().resolve()

class SimpleObserver(AbstractObserver):
    # The init and initialize_observer methods
    ...
    
    def observe(self, x: np.ndarray, y: np.ndarray, context=None) -> None:
        # Appending these results to the results file.
        with open(self.experiment_path / "results.txt", "a") as fp:
            fp.write(f"{x.tolist()}\t{y.tolist()}\n")
------------------


[0;31m---------------------------------------------------------------------------[0m
[0;31mModuleNotFoundError[0m                       Traceback (most recent call last)
Cell [0;32mIn[3], line 7[0m
[1;32m      3[0m [38;5;28;01mimport[39;00m [38;5;21;01mjson[39;00m
[1;32m      5[0m [38;5;28;01mimport[39;00m [38;5;21;01mnumpy[39;00m [38;5;28;01mas[39;00m [38;5;21;01mnp[39;00m
[0;32m----> 7[0m [38;5;28;01mfrom[39;00m [38;5;21;01mpoli[39;00m[38;5;21;01m.[39;00m[38;5;21;01mcore[39;00m[38;5;21;01m.[39;00m[38;5;21;01mproblem_setup_information[39;00m [38;5;28;01mimport[39;00m ProblemSetupInformation
[1;32m      8[0m [38;5;28;01mfrom[39;00m [38;5;21;01mpoli[39;00m[38;5;21;01m.[39;00m[38;5;21;01mcore[39;00m[38;5;21;01m.[39;00m[38;5;21;01mutil[39;00m[38;5;21;01m.[39;00m[38;5;21;01mabstract_observer[39;00m [38;5;28;01mimport[39;00m AbstractObserver
[1;32m     10[0m THIS_DIR [38;5;241m=[39m Path()[38;5;241m.[39mresolve()

[0;31mModuleNotFoundError[0m: No module named 'poli.core.problem_setup_information'

